// Jest Snapshot v1, https://goo.gl/fbAQLP

exports[`Should configure and create new application 1`] = `
Config {
  "_config": Object {
    "app": Object {
      "name": "specla",
      "port": 3000,
    },
    "specla": Object {
      "command": Object {
        "path": "./api/commands",
      },
      "config": Object {
        "path": "./config",
      },
      "controller": Object {
        "path": "./api/controllers",
      },
      "model": Object {
        "path": "./api/models",
      },
      "public": Object {
        "path": "./public",
      },
      "storage": Object {
        "app": "./storage/app",
        "cache": "./storage/cache",
        "path": "./storage",
      },
      "view": Object {
        "path": "./src/views",
      },
    },
  },
  "_flattenConfig": Object {
    "app.name": "specla",
    "app.port": 3000,
    "specla.command.path": "./api/commands",
    "specla.config.path": "./config",
    "specla.controller.path": "./api/controllers",
    "specla.model.path": "./api/models",
    "specla.public.path": "./public",
    "specla.storage.app": "./storage/app",
    "specla.storage.cache": "./storage/cache",
    "specla.storage.path": "./storage",
    "specla.view.path": "./src/views",
  },
}
`;
