// Jest Snapshot v1, https://goo.gl/fbAQLP

exports[`Should configure and create new application 1`] = `
Config {
  "_config": Object {
    "app": Object {
      "name": "app",
    },
    "specla": Object {
      "config": Object {
        "path": "./config",
      },
      "controller": Object {
        "path": "./app/controllers",
      },
      "model": Object {
        "path": "./app/models",
      },
      "view": Object {
        "path": "./src/views",
      },
    },
  },
  "_flattenConfig": Object {
    "app.name": "app",
    "specla.config.path": "./config",
    "specla.controller.path": "./app/controllers",
    "specla.model.path": "./app/models",
    "specla.view.path": "./src/views",
  },
}
`;
