// Jest Snapshot v1, https://goo.gl/fbAQLP

exports[`Should configure and create new application 1`] = `
Config {
  "_config": Object {
    "app": Object {
      "name": "specla",
      "port": 3000,
    },
    "specla": Object {
      "command": Object {
        "path": "./api/commands",
      },
      "config": Object {
        "path": "./config",
      },
      "controller": Object {
        "path": "./api/controllers",
      },
      "model": Object {
        "path": "./api/models",
      },
      "public": Object {
        "path": "./public",
      },
      "runtime": "server",
      "storage": Object {
        "app": "./storage/app",
        "cache": "./storage/cache",
        "path": "./storage",
      },
      "view": Object {
        "path": "./src/views",
      },
    },
  },
  "_flattenConfig": Object {
    "app.name": "specla",
    "app.port": 3000,
    "specla.command.path": "./api/commands",
    "specla.config.path": "./config",
    "specla.controller.path": "./api/controllers",
    "specla.model.path": "./api/models",
    "specla.public.path": "./public",
    "specla.runtime": "server",
    "specla.storage.app": "./storage/app",
    "specla.storage.cache": "./storage/cache",
    "specla.storage.path": "./storage",
    "specla.view.path": "./src/views",
  },
}
`;

exports[`Should only create a server instance if the runtime is server 1`] = `
Server {
  "_express": [Function],
  "locals": Object {
    "settings": Object {
      "env": "test",
      "etag": "weak",
      "etag fn": [Function],
      "jsonp callback name": "callback",
      "query parser": "extended",
      "query parser fn": [Function],
      "subdomain offset": 2,
      "trust proxy": false,
      "trust proxy fn": [Function],
      "view": [Function],
      "views": "/Users/kvartborg/Code/specla/specla/test/tmp/views",
      "x-powered-by": true,
    },
  },
  "mountpath": "/",
}
`;

exports[`Should throw error if multiple instances of Specla is created 1`] = `"Specla is already instanciated, use the .destroy() method if you want a new instance"`;
