// Jest Snapshot v1, https://goo.gl/fbAQLP

exports[`Should load config files from the config folder and merge them together 1`] = `
Config {
  "_config": Object {
    "app": Object {
      "host": "localhost",
    },
    "specla": Object {
      "config": Object {
        "path": "./config",
      },
    },
  },
  "_flattenConfig": Object {
    "app.host": "localhost",
    "specla.config.path": "./config",
  },
}
`;

exports[`Should work without a config folder 1`] = `
Config {
  "_config": Object {
    "setting": true,
  },
  "_flattenConfig": Object {
    "setting": true,
  },
}
`;
